// Vitest Snapshot v1, https://vitest.dev/guide/snapshot.html

exports[`missingContextOrError.ts > missingContextOrError.ts 1`] = `
" eff
20:9 - 20:13 | Missing 'ServiceC' in the expected Effect context.

Effect.gen(function*(){
    const service = yield* ServiceB
    yield* Effect.fail("error")
})
23:18 - 26:2 | Missing 'ServiceB' in the expected Effect context.

 test3
29:12 - 29:18 | Missing 'ServiceC | ServiceA | ServiceB' in the expected Effect context.

 test4
32:12 - 32:18 | Missing 'ServiceC | ServiceA' in the expected Effect context.


        eff
40:12 - 41:11 | Missing 'ServiceC' in the expected Effect context.


        "-test"
41:17 - 42:15 | Missing 'ServiceC' in the expected Effect context."
`;
