// Vitest Snapshot v1, https://vitest.dev/guide/snapshot.html

exports[`missingEffectContext_callExpression.ts > missingEffectContext_callExpression.ts 1`] = `
"effectWithServices
22:7 - 22:25 | Missing 'ServiceA | ServiceB | ServiceC' in the expected Effect context.

effectWithServices
29:20 - 29:38 | Missing 'ServiceC' in the expected Effect context."
`;

exports[`missingEffectContext_plainAssignment.ts > missingEffectContext_plainAssignment.ts 1`] = `
"missingAllServices
21:13 - 21:31 | Missing 'ServiceA | ServiceB | ServiceC' in the expected Effect context.

missingServiceC
24:13 - 24:28 | Missing 'ServiceC' in the expected Effect context.

missingServiceCWithSubtyping
29:13 - 29:41 | Missing 'ServiceC' in the expected Effect context.

missingServiceA
33:10 - 33:25 | Missing 'A' in the expected Effect context."
`;

exports[`missingEffectContext_returnSignature.ts > missingEffectContext_returnSignature.ts 1`] = `
"return effectWithServices
19:4 - 19:29 | Missing 'ServiceA | ServiceB | ServiceC' in the expected Effect context.

effectWithServices
23:62 - 23:80 | Missing 'ServiceA | ServiceB | ServiceC' in the expected Effect context.

effectWithServices
26:105 - 26:123 | Missing 'ServiceC' in the expected Effect context."
`;

exports[`missingEffectError_callExpression.ts > missingEffectError_callExpression.ts 1`] = `
"effectWithErrors
23:7 - 23:23 | Missing 'ErrorA | ErrorB | ErrorC' in the expected Effect errors.

effectWithErrors
30:20 - 30:36 | Missing 'ErrorC' in the expected Effect errors."
`;

exports[`missingEffectError_plainAssignment.ts > missingEffectError_plainAssignment.ts 1`] = `
"missingAllErrors
21:13 - 21:29 | Missing 'ErrorA | ErrorB | ErrorC' in the expected Effect errors.

missingErrorC
24:13 - 24:26 | Missing 'ErrorC' in the expected Effect errors.

missingErrorCWithSubtyping
29:13 - 29:39 | Missing 'ErrorC' in the expected Effect errors.

missingErrorA
33:10 - 33:23 | Missing 'A' in the expected Effect errors."
`;

exports[`missingEffectError_returnSignature.ts > missingEffectError_returnSignature.ts 1`] = `
"return effectWithErrors
20:4 - 20:27 | Missing 'ErrorA | ErrorB | ErrorC' in the expected Effect errors.

effectWithErrors
24:62 - 24:78 | Missing 'ErrorA | ErrorB | ErrorC' in the expected Effect errors.

effectWithErrors
27:94 - 27:110 | Missing 'ErrorC' in the expected Effect errors."
`;
