// Vitest Snapshot v1, https://vitest.dev/guide/snapshot.html

exports[`Layer Graph  > duplicated.ts 1`] = `
[
  "AppLive",
]
`;

exports[`Layer Graph  > generics.ts 1`] = `
[
  "NoComment",
]
`;

exports[`Layer Graph  > multiple.ts 1`] = `
[
  "AppLive",
]
`;

exports[`Layer Graph  > simple.ts 1`] = `
[
  "expect",
  "simplePipeIn",
  "liveWithPipeable",
]
`;

exports[`Layer Graph  > specialChars.ts 1`] = `
[
  "NoComment",
]
`;
